--- Startup times for process: Primary (or UI client) ---

times in msec
 clock   self+sourced   self:  sourced script
 clock   elapsed:              other lines

000.006  000.006: --- NVIM STARTING ---
000.130  000.124: event init
000.340  000.210: early init
000.354  000.014: locale set
000.410  000.056: init first window
001.156  000.746: inits 1
001.173  000.017: window checked
001.176  000.003: parsing arguments
002.599  000.714  000.714: require('vim.shared')
003.825  000.314  000.314: require('vim.inspect')
004.292  000.442  000.442: require('vim._options')
004.295  001.692  000.936: require('vim._editor')
004.296  002.542  000.136: require('vim._init_packages')
004.299  000.581: init lua interpreter
008.110  003.811: nvim_ui_attach
008.688  000.578: nvim_set_client_info
008.691  000.003: --- NVIM STARTED ---

--- Startup times for process: Embedded ---

times in msec
 clock   self+sourced   self:  sourced script
 clock   elapsed:              other lines

000.007  000.007: --- NVIM STARTING ---
000.132  000.125: event init
000.274  000.142: early init
000.281  000.007: locale set
000.375  000.094: init first window
000.963  000.589: inits 1
001.001  000.038: window checked
001.008  000.007: parsing arguments
002.607  000.778  000.778: require('vim.shared')
004.590  000.310  000.310: require('vim.inspect')
005.099  000.493  000.493: require('vim._options')
005.102  002.489  001.687: require('vim._editor')
005.104  003.426  000.159: require('vim._init_packages')
005.107  000.673: init lua interpreter
005.381  000.274: expanding arguments
005.409  000.028: inits 2
005.731  000.321: init highlight
005.732  000.001: waiting for UI
005.843  000.111: done waiting for UI
005.847  000.004: clear screen
006.713  000.069  000.069: require('vim.keymap')
007.644  000.156  000.156: sourcing nvim_exec2()
007.853  002.002  001.777: require('vim._defaults')
007.855  000.006: init default mappings & autocommands
008.359  000.061  000.061: sourcing /data/data/com.termux/files/usr/share/nvim/runtime/ftplugin.vim
008.422  000.025  000.025: sourcing /data/data/com.termux/files/usr/share/nvim/runtime/indent.vim
008.477  000.017  000.017: sourcing $VIM/sysinit.vim
009.388  000.469  000.469: require('vim.fs')
009.550  000.158  000.158: require('vim.uri')
009.573  001.045  000.418: require('vim.loader')
011.060  001.142  001.142: require('config.options')
011.438  000.374  000.374: require('lazy')
011.469  000.014  000.014: require('ffi')
011.581  000.107  000.107: require('lazy.stats')
011.717  000.104  000.104: require('lazy.core.util')
011.828  000.109  000.109: require('lazy.core.config')
011.995  000.063  000.063: require('lazy.core.handler')
012.294  000.130  000.130: require('lazy.pkg')
012.299  000.198  000.068: require('lazy.core.meta')
012.306  000.309  000.111: require('lazy.core.plugin')
012.312  000.482  000.110: require('lazy.core.loader')
013.474  000.118  000.118: require('lazy.core.fragments')
015.496  000.085  000.085: require('config.icons')
017.403  000.130  000.130: require('vim.F')
017.463  000.501  000.371: require('vim.diagnostic')
019.904  000.120  000.120: require('lazy.core.handler.keys')
020.030  000.120  000.120: require('lazy.core.handler.cmd')
020.305  000.206  000.206: require('lazy.core.handler.event')
020.308  000.275  000.069: require('lazy.core.handler.ft')
020.615  000.020  000.020: sourcing nvim_exec2() called at /data/data/com.termux/files/home/.config/nvim/init.lua:0
020.644  000.002  000.002: sourcing nvim_exec2() called at /data/data/com.termux/files/home/.config/nvim/init.lua:0
022.516  000.075  000.075: require('dropbar.utils')
022.522  000.937  000.862: require('dropbar.api')
024.632  000.114  000.114: require('multicursor-nvim.feedkeys-manager')
024.960  000.068  000.068: require('multicursor-nvim.term-codes')
025.041  000.078  000.078: require('multicursor-nvim.tbl')
025.128  000.085  000.085: require('multicursor-nvim.util')
025.166  000.530  000.299: require('multicursor-nvim.cursor-manager')
025.447  000.144  000.144: require('multicursor-nvim.keymap-manager')
025.553  000.103  000.103: require('multicursor-nvim.snippet-manager')
025.573  000.405  000.158: require('multicursor-nvim.input-manager')
025.578  001.189  000.140: require('multicursor-nvim.core')
025.826  000.047  000.047: sourcing nvim_exec2() called at /data/data/com.termux/files/home/.config/nvim/init.lua:0
025.840  000.261  000.214: require('multicursor-nvim.examples')
025.885  002.805  001.355: require('multicursor-nvim')
027.111  000.124  000.124: require('vim.func')
027.298  000.077  000.077: require('vim.func._memoize')
027.308  000.598  000.398: require('fzf-lua.utils')
027.831  000.184  000.184: require('fzf-lua.lib.base64')
028.193  000.359  000.359: require('fzf-lua.lib.serpent')
028.200  000.830  000.287: require('fzf-lua.libuv')
028.214  001.642  000.214: require('fzf-lua.path')
029.155  000.693  000.693: require('fzf-lua.actions')
029.546  000.061  000.061: require('fzf-lua.class')
029.631  000.469  000.408: require('fzf-lua.devicons')
030.008  000.111  000.111: require('fzf-lua.previewer')
030.498  000.863  000.752: require('fzf-lua.defaults')
030.508  002.292  000.267: require('fzf-lua.config')
030.671  000.035  000.035: sourcing /data/data/com.termux/files/home/.local/share/nvim/lazy/fzf-lua/autoload/fzf_lua.vim
030.676  000.120  000.085: sourcing nvim_exec2() called at /data/data/com.termux/files/home/.config/nvim/init.lua:0
031.491  000.307  000.307: require('fzf-lua.win')
031.733  000.071  000.071: require('fzf-lua.fzf')
031.825  000.089  000.089: require('fzf-lua.shell')
031.836  000.340  000.180: require('fzf-lua.core')
031.943  000.104  000.104: require('fzf-lua.make_entry')
031.954  005.740  000.935: require('fzf-lua')
032.564  000.062  000.062: sourcing nvim_exec2() called at /data/data/com.termux/files/usr/share/nvim/runtime/filetype.lua:0
032.568  000.138  000.076: sourcing /data/data/com.termux/files/usr/share/nvim/runtime/filetype.lua
032.572  000.203  000.065: sourcing nvim_exec2() called at /data/data/com.termux/files/home/.config/nvim/init.lua:0
032.976  000.005  000.005: sourcing nvim_exec2() called at /data/data/com.termux/files/home/.config/nvim/init.lua:0
032.987  000.002  000.002: sourcing nvim_exec2() called at /data/data/com.termux/files/home/.config/nvim/init.lua:0
033.200  000.208  000.208: require('onedark')
034.449  000.076  000.076: require('onedark')
034.737  000.273  000.273: sourcing nvim_exec2() called at /data/data/com.termux/files/home/.local/share/nvim/lazy/onedark.nvim/colors/onedark.lua:0
034.902  000.156  000.156: sourcing nvim_exec2() called at /data/data/com.termux/files/home/.local/share/nvim/lazy/onedark.nvim/colors/onedark.lua:0
035.459  000.167  000.167: require('onedark.palette')
035.540  000.304  000.137: require('onedark.colors')
035.649  000.083  000.083: require('onedark.util')
035.793  000.877  000.490: require('onedark.highlights')
038.252  000.090  000.090: require('onedark.terminal')
038.266  004.105  002.633: sourcing /data/data/com.termux/files/home/.local/share/nvim/lazy/onedark.nvim/colors/onedark.lua
038.354  000.004  000.004: sourcing nvim_exec2() called at /data/data/com.termux/files/home/.config/nvim/init.lua:0
038.367  000.002  000.002: sourcing nvim_exec2() called at /data/data/com.termux/files/home/.config/nvim/init.lua:0
038.517  000.002  000.002: sourcing nvim_exec2() called at /data/data/com.termux/files/home/.config/nvim/init.lua:0
038.526  000.001  000.001: sourcing nvim_exec2() called at /data/data/com.termux/files/home/.config/nvim/init.lua:0
038.899  000.368  000.368: require('mini.statusline')
039.104  000.005  000.005: sourcing nvim_exec2() called at /data/data/com.termux/files/home/.config/nvim/init.lua:0
039.118  000.002  000.002: sourcing nvim_exec2() called at /data/data/com.termux/files/home/.config/nvim/init.lua:0
039.677  000.005  000.005: sourcing nvim_exec2() called at /data/data/com.termux/files/home/.config/nvim/init.lua:0
039.690  000.002  000.002: sourcing nvim_exec2() called at /data/data/com.termux/files/home/.config/nvim/init.lua:0
040.435  000.334  000.334: require('vim.lsp.log')
041.180  000.738  000.738: require('vim.lsp.protocol')
041.549  000.365  000.365: require('vim.lsp.util')
041.869  000.143  000.143: require('vim.lsp.sync')
041.885  000.331  000.187: require('vim.lsp._changetracking')
042.153  000.144  000.144: require('vim.lsp._transport')
042.219  000.331  000.187: require('vim.lsp.rpc')
042.307  002.437  000.339: require('vim.lsp')
042.700  000.389  000.389: require('vim.lsp._snippet_grammar')
042.722  002.994  000.168: require('vim.snippet')
043.236  000.066  000.066: sourcing /data/data/com.termux/files/home/.local/share/nvim/lazy/dropbar.nvim/plugin/dropbar.lua
043.243  000.132  000.066: sourcing nvim_exec2() called at /data/data/com.termux/files/home/.config/nvim/init.lua:0
043.251  000.003  000.003: sourcing nvim_exec2() called at /data/data/com.termux/files/home/.config/nvim/init.lua:0
043.269  000.002  000.002: sourcing nvim_exec2() called at /data/data/com.termux/files/home/.config/nvim/init.lua:0
043.737  000.005  000.005: sourcing nvim_exec2() called at /data/data/com.termux/files/home/.config/nvim/init.lua:0
043.754  000.002  000.002: sourcing nvim_exec2() called at /data/data/com.termux/files/home/.config/nvim/init.lua:0
044.263  000.071  000.071: sourcing /data/data/com.termux/files/home/.local/share/nvim/lazy/fzf-lua/plugin/fzf-lua.lua
044.270  000.114  000.043: sourcing nvim_exec2() called at /data/data/com.termux/files/home/.config/nvim/init.lua:0
044.279  000.003  000.003: sourcing nvim_exec2() called at /data/data/com.termux/files/home/.config/nvim/init.lua:0
044.294  000.002  000.002: sourcing nvim_exec2() called at /data/data/com.termux/files/home/.config/nvim/init.lua:0
046.138  000.006  000.006: sourcing nvim_exec2() called at /data/data/com.termux/files/home/.config/nvim/init.lua:0
046.157  000.002  000.002: sourcing nvim_exec2() called at /data/data/com.termux/files/home/.config/nvim/init.lua:0
046.404  000.003  000.003: sourcing nvim_exec2() called at /data/data/com.termux/files/home/.config/nvim/init.lua:0
046.425  000.002  000.002: sourcing nvim_exec2() called at /data/data/com.termux/files/home/.config/nvim/init.lua:0
046.750  000.146  000.146: sourcing /data/data/com.termux/files/usr/share/nvim/runtime/plugin/editorconfig.lua
046.755  000.187  000.041: sourcing nvim_exec2() called at /data/data/com.termux/files/home/.config/nvim/init.lua:0
047.650  000.844  000.844: sourcing /data/data/com.termux/files/usr/share/nvim/runtime/plugin/fzf.vim
047.656  000.882  000.038: sourcing nvim_exec2() called at /data/data/com.termux/files/home/.config/nvim/init.lua:0
047.891  000.184  000.184: sourcing /data/data/com.termux/files/usr/share/nvim/runtime/plugin/man.lua
047.897  000.229  000.045: sourcing nvim_exec2() called at /data/data/com.termux/files/home/.config/nvim/init.lua:0
048.084  000.135  000.135: sourcing /data/data/com.termux/files/usr/share/nvim/runtime/plugin/osc52.lua
048.090  000.175  000.041: sourcing nvim_exec2() called at /data/data/com.termux/files/home/.config/nvim/init.lua:0
048.192  000.065  000.065: sourcing /data/data/com.termux/files/usr/share/nvim/runtime/plugin/shada.vim
048.195  000.098  000.033: sourcing nvim_exec2() called at /data/data/com.termux/files/home/.config/nvim/init.lua:0
048.259  000.020  000.020: sourcing /data/data/com.termux/files/usr/share/nvim/runtime/plugin/spellfile.vim
048.262  000.054  000.034: sourcing nvim_exec2() called at /data/data/com.termux/files/home/.config/nvim/init.lua:0
048.431  038.812  015.949: require('config.lazy')
049.234  000.193  000.193: require('vim.lsp.buf')
049.583  001.149  000.956: require('config.keymaps')
049.700  000.115  000.115: require('config.autocmds')
049.832  000.050  000.050: require('config.highlight_api')
049.894  000.191  000.142: require('config.highlight')
050.034  000.090  000.090: require('vim.lsp.inlay_hint')
050.131  000.235  000.145: require('config.lsp')
050.133  041.628  000.081: sourcing /data/data/com.termux/files/home/.config/nvim/init.lua
050.145  000.560: sourcing vimrc file(s)
050.546  000.048  000.048: sourcing /data/data/com.termux/files/usr/share/nvim/runtime/filetype.lua
050.821  000.079  000.079: sourcing /data/data/com.termux/files/usr/share/nvim/runtime/syntax/synload.vim
050.909  000.298  000.219: sourcing /data/data/com.termux/files/usr/share/nvim/runtime/syntax/syntax.vim
050.923  000.431: inits 3
052.586  001.663: reading ShaDa
052.622  000.036: opening buffers
052.657  000.035: BufEnter autocommands
052.661  000.004: editing files in windows
052.784  000.005  000.005: sourcing nvim_exec2() called at VimEnter Autocommands for "*":0
052.795  000.002  000.002: sourcing nvim_exec2() called at VimEnter Autocommands for "*":0
053.352  000.545  000.545: require('alpha.themes.dashboard')
053.499  000.133  000.133: require('alpha')
055.581  000.143  000.143: require('dropbar.hlgroups')
055.819  000.145  000.145: require('dropbar.configs')
055.826  000.242  000.096: require('dropbar.bar')
055.830  000.557  000.172: require('dropbar')
056.388  000.074  000.074: require('dropbar.utils.bar')
056.796  000.049  000.049: require('vim.treesitter.language')
056.894  000.230  000.181: require('vim.treesitter.query')
056.954  000.057  000.057: require('vim.treesitter._range')
056.968  000.412  000.125: require('vim.treesitter.languagetree')
056.973  000.561  000.150: require('vim.treesitter')
058.640  000.093  000.093: require('vim.version')
062.365  007.736: VimEnter autocommands
062.505  000.078  000.078: require('vim.termcap')
062.653  000.135  000.135: require('vim.text')
062.695  000.116: UIEnter autocommands
063.228  000.388  000.388: sourcing /data/data/com.termux/files/usr/share/nvim/runtime/autoload/provider/clipboard.vim
063.237  000.154: before starting main loop
064.328  000.005  000.005: sourcing nvim_exec2()
064.341  000.002  000.002: sourcing nvim_exec2()
065.482  001.125  001.125: require('mini.icons')
065.644  001.985  000.854: require('mini.icons')
065.929  000.122  000.122: require('editorconfig')
069.192  003.232  003.232: require('vim.filetype')
069.825  001.248: first screen update
069.828  000.003: --- NVIM STARTED ---

